 
Ansys Electronics Desktop Version 2025.1.4, Build: 2025-10-08 13:50:23
Location: C:\Program Files\ANSYS Inc\v251\AnsysEM\ansysedt.exe
Non Graphical Mode: No Project??
Starting Batch Run: 4:14:22 PM  Jul 16, 2026
Running as user : AASHAY-CDAC-PC\DELL
Temp directory: C:\Users\DELL\AppData\Local\Temp
Project directory: C:\Users\DELL\Documents\Ansoft
[warning] Electronics Desktop has found a recovery file for an unsaved project : Project260.aedt.auto
Please choose one of the following actions for this file: 
 Yes: Open the recovery file. 
 No: Discard the recovery file.
 Cancel: Leave the recovery file on disk ( this prompt will reappear during the next application start) .
[warning] Electronics Desktop has found a recovery file for an unsaved project : Project261.aedt.auto
Please choose one of the following actions for this file: 
 Yes: Open the recovery file. 
 No: Discard the recovery file.
 Cancel: Leave the recovery file on disk ( this prompt will reappear during the next application start) .
[warning] Electronics Desktop has found a recovery file for an unsaved project : Project262.aedt.auto
Please choose one of the following actions for this file: 
 Yes: Open the recovery file. 
 No: Discard the recovery file.
 Cancel: Leave the recovery file on disk ( this prompt will reappear during the next application start) .
[warning] Electronics Desktop has found a recovery file for an unsaved project : Project263.aedt.auto
Please choose one of the following actions for this file: 
 Yes: Open the recovery file. 
 No: Discard the recovery file.
 Cancel: Leave the recovery file on disk ( this prompt will reappear during the next application start) .
[warning] Electronics Desktop has found a recovery file for an unsaved project : Project264.aedt.auto
Please choose one of the following actions for this file: 
 Yes: Open the recovery file. 
 No: Discard the recovery file.
 Cancel: Leave the recovery file on disk ( this prompt will reappear during the next application start) .
[warning] Electronics Desktop has found a recovery file for an unsaved project : Project265.aedt.auto
Please choose one of the following actions for this file: 
 Yes: Open the recovery file. 
 No: Discard the recovery file.
 Cancel: Leave the recovery file on disk ( this prompt will reappear during the next application start) .
[warning] Electronics Desktop has found a recovery file for an unsaved project : Project266.aedt.auto
Please choose one of the following actions for this file: 
 Yes: Open the recovery file. 
 No: Discard the recovery file.
 Cancel: Leave the recovery file on disk ( this prompt will reappear during the next application start) .
[warning] Electronics Desktop cannot be closed right now because it is being used by another application, script or extension wizard.

[warning] Electronics Desktop cannot be closed right now because it is being used by another application, script or extension wizard.

 
Ansys Electronics Desktop Version 2025.1.4, Build: 2025-10-08 13:50:23
Location: C:\Program Files\ANSYS Inc\v251\AnsysEM\ansysedt.exe
Non Graphical Mode: No Project??
Starting Batch Run: 4:18:13 PM  Jul 16, 2026
Running as user : AASHAY-CDAC-PC\DELL
Temp directory: C:\Users\DELL\AppData\Local\Temp
Project directory: C:\Users\DELL\Documents\Ansoft
[warning] Electronics Desktop has found a recovery file for an unsaved project : Project260.aedt.auto
Please choose one of the following actions for this file: 
 Yes: Open the recovery file. 
 No: Discard the recovery file.
 Cancel: Leave the recovery file on disk ( this prompt will reappear during the next application start) .
[warning] Electronics Desktop has found a recovery file for an unsaved project : Project261.aedt.auto
Please choose one of the following actions for this file: 
 Yes: Open the recovery file. 
 No: Discard the recovery file.
 Cancel: Leave the recovery file on disk ( this prompt will reappear during the next application start) .
[warning] Electronics Desktop has found a recovery file for an unsaved project : Project262.aedt.auto
Please choose one of the following actions for this file: 
 Yes: Open the recovery file. 
 No: Discard the recovery file.
 Cancel: Leave the recovery file on disk ( this prompt will reappear during the next application start) .
[warning] Electronics Desktop has found a recovery file for an unsaved project : Project263.aedt.auto
Please choose one of the following actions for this file: 
 Yes: Open the recovery file. 
 No: Discard the recovery file.
 Cancel: Leave the recovery file on disk ( this prompt will reappear during the next application start) .
[warning] Electronics Desktop has found a recovery file for an unsaved project : Project264.aedt.auto
Please choose one of the following actions for this file: 
 Yes: Open the recovery file. 
 No: Discard the recovery file.
 Cancel: Leave the recovery file on disk ( this prompt will reappear during the next application start) .
[warning] Electronics Desktop has found a recovery file for an unsaved project : Project265.aedt.auto
Please choose one of the following actions for this file: 
 Yes: Open the recovery file. 
 No: Discard the recovery file.
 Cancel: Leave the recovery file on disk ( this prompt will reappear during the next application start) .
[warning] Electronics Desktop has found a recovery file for an unsaved project : Project266.aedt.auto
Please choose one of the following actions for this file: 
 Yes: Open the recovery file. 
 No: Discard the recovery file.
 Cancel: Leave the recovery file on disk ( this prompt will reappear during the next application start) .
 
Ansys Electronics Desktop Version 2025.1.4, Build: 2025-10-08 13:50:23
Location: C:\Program Files\ANSYS Inc\v251\AnsysEM\ansysedt.exe
Non Graphical Mode: No Project??
Starting Batch Run: 4:35:39 PM  Jul 16, 2026
Running as user : AASHAY-CDAC-PC\DELL
Temp directory: C:\Users\DELL\AppData\Local\Temp
Project directory: C:\Users\DELL\Documents\Ansoft
[warning] Electronics Desktop has found a recovery file for an unsaved project : Project260.aedt.auto
Please choose one of the following actions for this file: 
 Yes: Open the recovery file. 
 No: Discard the recovery file.
 Cancel: Leave the recovery file on disk ( this prompt will reappear during the next application start) .
[warning] Electronics Desktop has found a recovery file for an unsaved project : Project261.aedt.auto
Please choose one of the following actions for this file: 
 Yes: Open the recovery file. 
 No: Discard the recovery file.
 Cancel: Leave the recovery file on disk ( this prompt will reappear during the next application start) .
[warning] Electronics Desktop has found a recovery file for an unsaved project : Project262.aedt.auto
Please choose one of the following actions for this file: 
 Yes: Open the recovery file. 
 No: Discard the recovery file.
 Cancel: Leave the recovery file on disk ( this prompt will reappear during the next application start) .
[warning] Electronics Desktop has found a recovery file for an unsaved project : Project263.aedt.auto
Please choose one of the following actions for this file: 
 Yes: Open the recovery file. 
 No: Discard the recovery file.
 Cancel: Leave the recovery file on disk ( this prompt will reappear during the next application start) .
[warning] Electronics Desktop has found a recovery file for an unsaved project : Project264.aedt.auto
Please choose one of the following actions for this file: 
 Yes: Open the recovery file. 
 No: Discard the recovery file.
 Cancel: Leave the recovery file on disk ( this prompt will reappear during the next application start) .
[warning] Electronics Desktop has found a recovery file for an unsaved project : Project265.aedt.auto
Please choose one of the following actions for this file: 
 Yes: Open the recovery file. 
 No: Discard the recovery file.
 Cancel: Leave the recovery file on disk ( this prompt will reappear during the next application start) .
[warning] Electronics Desktop has found a recovery file for an unsaved project : Project266.aedt.auto
Please choose one of the following actions for this file: 
 Yes: Open the recovery file. 
 No: Discard the recovery file.
 Cancel: Leave the recovery file on disk ( this prompt will reappear during the next application start) .
[warning] Electronics Desktop cannot be closed right now because it is being used by another application, script or extension wizard.

 
Ansys Electronics Desktop Version 2025.1.4, Build: 2025-10-08 13:50:23
Location: C:\Program Files\ANSYS Inc\v251\AnsysEM\ansysedt.exe
Non Graphical Mode: No Project??
Starting Batch Run: 6:10:51 PM  Jul 21, 2026
Running as user : AASHAY-CDAC-PC\DELL
Temp directory: C:\Users\DELL\AppData\Local\Temp
Project directory: C:\Users\DELL\Documents\Ansoft
